###########                                                   
#P.#≈..#..#                                                   
#..'...'..#                                                   
#.P#...#..#                               ########            
####...####                              ##......##           
#..#...#..#                              #........#           
#<.'...'.(#                              ##......##           
#.P#...#..#                              ##.###..#            
####...####                             ##..# ##.###          
#..#...#..#######################    ####..##  #...#          
#..'...'..#.....................##  ##....##   ###.#          
#..#...#P.#####.#######.#######..####..####      #.#          
####...####   #.#     #[#     ##...##)##         #.#          
#..#...#P.#   #.#######.#      ###.##.#          #.#  ###     
#..'...'..#   #.#.....#.##########....######     #.####.##    
#PP#...#.(#   #.#.#.#.#.#....................    #.......##   
#####'#########...#.# ..###########...######     ####.....#   
    #........######.# ###         ..#..#            ##...##   
    ########.##...#.#            ..###..#            ##.##    
           #.##.#.#.#.#         #.#   #.#           ###..#####
           #.##.#.....#         ..     ...          #.......%#
           #.##.#######        ..#     #.    #      #........#
           #.#..#.#            #.           ##.     #........#
           #......#                         ..#.#####........#
          #...#####                         #.......#........#
          #..##                               #..%.......>...#
          #..#                                #%.....###.#####
          #...                                #......###.#    
          #...                            ..  #..........#    
          ....                            #..##.....(#####    
         ......                           ##.........#        
           #..                           .....#......#        
                                            #........#        
                                          ###%.#....##        
                                          #.....%.###         
                                    ###  #..###.....#####     
                                    ..##      ##..#.....#     
                                    #.#.       ##!#......#    
                                    #..         #).)..(...    
                                    #..         #.........    
                                #####.###########.........    
                                #....h....##......%.......    
                                  ##).....................    
                                  #......................     
                                  #......................     
                                  #......%.?%......#....#     
                                  #................#####      
                                  #......%.........#          
                                  #................#          
                                  ##..............##          
                                   ##.....##.....##           
                                    ##############            
